error: `#[import_section]` can only be applied to a valid pallet module
  --> tests/split_ui/import_without_pallet.rs:12:9
   |
12 | pub mod pallet {
   |         ^^^^^^
