error: Invalid usage of RuntimeEvent, `Config` contains no associated type `RuntimeEvent`, but enum `Event` is declared (in use of `#[pallet::event]`). An RuntimeEvent associated type must be declare on trait `Config`.
 --> $DIR/event_not_in_trait.rs:1:1
  |
1 | #[frame_support::pallet]
  | ^^^^^^^^^^^^^^^^^^^^^^^^
  |
  = note: this error originates in the attribute macro `frame_support::pallet` (in Nightly builds, run with -Z macro-backtrace for more info)
