error: Invalid #[pallet::constant] in #[pallet::config], expected type item
 --> tests/pallet_ui/trait_invalid_item.rs:9:3
  |
9 |         const U: u8 = 3;
  |         ^^^^^
