error: Invalid usage of `#[pallet::constant]`: `Get<T>` trait bound not found
 --> $DIR/trait_constant_invalid_bound.rs:9:3
  |
9 |         type U;
  |         ^^^^
