error: Expected `VoterIndex`
 --> $DIR/swap_voter_target.rs:4:2
  |
4 |     TargetIndex = u16,
  |     ^^^^^^^^^^^
