error: Expected binding: `MaxVoters = ...`
 --> tests/ui/fail/missing_size_bound.rs:7:2
  |
7 |     ConstU32::<10>,
  |     ^^^^^^^^^^^^^^
