error: Only newtype/one field structs are supported by `PassByInner`!
 --> $DIR/pass_by_inner_with_two_fields.rs:3:10
  |
3 | #[derive(PassByInner)]
  |          ^^^^^^^^^^^
  |
  = note: this error originates in the derive macro `PassByInner` (in Nightly builds, run with -Z macro-backtrace for more info)
